package com.google.protobuf.contrib.j2cl.protos;

public final class Proto3EnumsMultipleFiles {

  private Proto3EnumsMultipleFiles() {}
}
