package com.google.protobuf.contrib.j2cl.protos;

@javax.annotation.processing.Generated(value = "protoc-j2cl")
@jsinterop.annotations.JsType(
    isNative = true,
    name = "Proto3EnumTestProto",
    namespace = "improto.protobuf.contrib.j2cl.protos")
public final class Proto3EnumTestProto
    extends com.google.protobuf.GeneratedMessageLite<
        Proto3EnumTestProto, Proto3EnumTestProto.Builder> {

  public enum Proto3TestEnum implements com.google.protobuf.ProtocolMessageEnum {
    DEFAULT(0),
    ONE(1),
    TWO(2),
    THREE(3),
    UNRECOGNIZED(-1);

    Proto3TestEnum(int value) {
      this.value = value;
    }

    private static Proto3TestEnum[] cachedValues;

    public static final Proto3TestEnum forNumber(int i) {
      if (cachedValues == null) {
        cachedValues = values();
      }
      return i == 4 ? null : cachedValues[i];
    }

    private int value;

    public final int getNumber() {
      com.google.protobuf.GeneratedMessageLite.Internal_.checkUnrecognized(value);
      return value;
    }

    public static final int DEFAULT_VALUE = 0;

    public static final int ONE_VALUE = 1;

    public static final int TWO_VALUE = 2;

    public static final int THREE_VALUE = 3;

    // DO NOT REFER TO FROM NON GENERATED CODE! SUBJECT TO CHANGE!
    // Native closure enum representation
    @jsinterop.annotations.JsType(
        isNative = true,
        name = "Proto3EnumTestProto.Proto3TestEnum",
        namespace = "improto.protobuf.contrib.j2cl.protos")
    public static final class Internal_ClosureEnum {
      @jsinterop.annotations.JsOverlay
      public static final Internal_ClosureEnum toClosureValue(Proto3TestEnum enumInstance) {
        return toClosureValue(enumInstance.getNumber());
      }

      @jsinterop.annotations.JsOverlay
      public static final Internal_ClosureEnum toClosureValue(int value) {
        return jsinterop.base.Js.uncheckedCast((double) value);
      }

      @jsinterop.annotations.JsOverlay
      public static final int toIntValue(Object closureEnum) {
        return jsinterop.base.Js.asInt(closureEnum);
      }

      @jsinterop.annotations.JsOverlay
      public static final Proto3TestEnum toEnum(Object closureEnum, Proto3TestEnum defaultValue) {
        int i = jsinterop.base.Js.asInt(closureEnum);
        Proto3TestEnum value = Proto3TestEnum.forNumber(i);
        return value == null ? defaultValue : value;
      }
    }
  }

  public enum Proto3SparseEnum implements com.google.protobuf.ProtocolMessageEnum {
    SPARSE_DEFAULT(0),
    SPARSE_TEN(10),
    SPARSE_TWENTY(20),
    UNRECOGNIZED(-1);

    Proto3SparseEnum(int value) {
      this.value = value;
    }

    private static Proto3SparseEnum[] cachedValues;

    public static final Proto3SparseEnum forNumber(int i) {
      if (cachedValues == null) {
        cachedValues =
            jsinterop.base.Js.uncheckedCast(
                com.google.protobuf.GeneratedMessageLite.Internal_.indexByNumber(values()));
      }
      return cachedValues[i];
    }

    private int value;

    public final int getNumber() {
      com.google.protobuf.GeneratedMessageLite.Internal_.checkUnrecognized(value);
      return value;
    }

    public static final int SPARSE_DEFAULT_VALUE = 0;

    public static final int SPARSE_TEN_VALUE = 10;

    public static final int SPARSE_TWENTY_VALUE = 20;

    // DO NOT REFER TO FROM NON GENERATED CODE! SUBJECT TO CHANGE!
    // Native closure enum representation
    @jsinterop.annotations.JsType(
        isNative = true,
        name = "Proto3EnumTestProto.Proto3SparseEnum",
        namespace = "improto.protobuf.contrib.j2cl.protos")
    public static final class Internal_ClosureEnum {
      @jsinterop.annotations.JsOverlay
      public static final Internal_ClosureEnum toClosureValue(Proto3SparseEnum enumInstance) {
        return toClosureValue(enumInstance.getNumber());
      }

      @jsinterop.annotations.JsOverlay
      public static final Internal_ClosureEnum toClosureValue(int value) {
        return jsinterop.base.Js.uncheckedCast((double) value);
      }

      @jsinterop.annotations.JsOverlay
      public static final int toIntValue(Object closureEnum) {
        return jsinterop.base.Js.asInt(closureEnum);
      }

      @jsinterop.annotations.JsOverlay
      public static final Proto3SparseEnum toEnum(
          Object closureEnum, Proto3SparseEnum defaultValue) {
        int i = jsinterop.base.Js.asInt(closureEnum);
        Proto3SparseEnum value = Proto3SparseEnum.forNumber(i);
        return value == null ? defaultValue : value;
      }
    }
  }

  @jsinterop.annotations.JsEnum(
      isNative = true,
      name = "Proto3EnumTestProto.Proto3NativeEnum",
      namespace = "improto.protobuf.contrib.j2cl.protos",
      hasCustomValue = true)
  public enum Proto3NativeEnum {
    NATIVE_DEFAULT,
    NATIVE_ONE,
    NATIVE_TWO,
    NATIVE_THREE;

    @jsinterop.annotations.JsOverlay
    public static final Proto3NativeEnum forNumber(int i) {
      return jsinterop.base.Js.uncheckedCast((double) i);
    }

    private int value;

    @jsinterop.annotations.JsOverlay
    public final int getNumber() {
      return value;
    }

    @jsinterop.annotations.JsOverlay public static final int NATIVE_DEFAULT_VALUE = 0;
    @jsinterop.annotations.JsOverlay public static final int NATIVE_ONE_VALUE = 1;
    @jsinterop.annotations.JsOverlay public static final int NATIVE_TWO_VALUE = 2;
    @jsinterop.annotations.JsOverlay public static final int NATIVE_THREE_VALUE = 3;

    // DO NOT REFER TO FROM NON GENERATED CODE! SUBJECT TO CHANGE!
    // Native closure enum representation
    @jsinterop.annotations.JsType(
        isNative = true,
        name = "Proto3EnumTestProto.Proto3NativeEnum",
        namespace = "improto.protobuf.contrib.j2cl.protos")
    public static final class Internal_ClosureEnum {
      @jsinterop.annotations.JsOverlay
      public static final Internal_ClosureEnum toClosureValue(Proto3NativeEnum enumInstance) {
        return toClosureValue(enumInstance.getNumber());
      }

      @jsinterop.annotations.JsOverlay
      public static final Internal_ClosureEnum toClosureValue(int value) {
        return jsinterop.base.Js.uncheckedCast((double) value);
      }

      @jsinterop.annotations.JsOverlay
      public static final int toIntValue(Object closureEnum) {
        return jsinterop.base.Js.asInt(closureEnum);
      }

      @jsinterop.annotations.JsOverlay
      public static final Proto3NativeEnum toEnum(
          Object closureEnum, Proto3NativeEnum defaultValue) {
        return jsinterop.base.Js.uncheckedCast(closureEnum);
      }
    }
  }

  protected Proto3EnumTestProto() {}

  public static final native Proto3EnumTestProto getDefaultInstance();

  public native Builder toBuilder();

  public static int OPTIONAL_ENUM_FIELD_NUMBER;
  public static int REPEATED_ENUM_FIELD_NUMBER;
  public static int OPTIONAL_NATIVE_ENUM_FIELD_NUMBER;
  public static int REPEATED_NATIVE_ENUM_FIELD_NUMBER;

  @jsinterop.annotations.JsOverlay
  public final com.google.protobuf.contrib.j2cl.protos.Proto3EnumTestProto.Proto3TestEnum
      getOptionalEnum() {
    return com.google.protobuf.contrib.j2cl.protos.Proto3EnumTestProto.Proto3TestEnum
        .Internal_ClosureEnum.toEnum(
        internal_getOptionalEnum(),
        com.google.protobuf.contrib.j2cl.protos.Proto3EnumTestProto.Proto3TestEnum.UNRECOGNIZED);
  }

  @jsinterop.annotations.JsMethod(name = "getOptionalEnum")
  private native Object internal_getOptionalEnum();

  @jsinterop.annotations.JsOverlay
  public final int getOptionalEnumValue() {
    return com.google.protobuf.contrib.j2cl.protos.Proto3EnumTestProto.Proto3TestEnum
        .Internal_ClosureEnum.toIntValue(internal_getOptionalEnum());
  }

  @jsinterop.annotations.JsMethod(name = "getRepeatedEnumCount")
  public native int getRepeatedEnumCount();

  @jsinterop.annotations.JsOverlay
  public final com.google.protobuf.contrib.j2cl.protos.Proto3EnumTestProto.Proto3TestEnum
      getRepeatedEnum(int index) {
    return com.google.protobuf.contrib.j2cl.protos.Proto3EnumTestProto.Proto3TestEnum
        .Internal_ClosureEnum.toEnum(
        internal_getRepeatedEnum(index),
        com.google.protobuf.contrib.j2cl.protos.Proto3EnumTestProto.Proto3TestEnum.UNRECOGNIZED);
  }

  @jsinterop.annotations.JsMethod(name = "getRepeatedEnum")
  private native Object internal_getRepeatedEnum(int index);

  @jsinterop.annotations.JsOverlay
  public final int getRepeatedEnumValue(int index) {
    return com.google.protobuf.contrib.j2cl.protos.Proto3EnumTestProto.Proto3TestEnum
        .Internal_ClosureEnum.toIntValue(internal_getRepeatedEnum(index));
  }

  @jsinterop.annotations.JsMethod(name = "getRepeatedEnumList")
  private native com.google.protobuf.GeneratedMessageLite.Internal_.ListView<java.lang.Object>
      internal_getRepeatedEnumList();

  @jsinterop.annotations.JsOverlay
  public final java.util.List<
          com.google.protobuf.contrib.j2cl.protos.Proto3EnumTestProto.Proto3TestEnum>
      getRepeatedEnumList() {
    return com.google.protobuf.GeneratedMessageLite.Internal_.createList(
        internal_getRepeatedEnumList(),
        (d) ->
            com.google.protobuf.contrib.j2cl.protos.Proto3EnumTestProto.Proto3TestEnum
                .Internal_ClosureEnum.toEnum(
                d,
                com.google.protobuf.contrib.j2cl.protos.Proto3EnumTestProto.Proto3TestEnum
                    .UNRECOGNIZED));
  }

  @jsinterop.annotations.JsOverlay
  public final com.google.protobuf.contrib.j2cl.protos.Proto3EnumTestProto.Proto3NativeEnum
      getOptionalNativeEnum() {
    return com.google.protobuf.contrib.j2cl.protos.Proto3EnumTestProto.Proto3NativeEnum
        .Internal_ClosureEnum.toEnum(
        internal_getOptionalNativeEnum(),
        com.google.protobuf.contrib.j2cl.protos.Proto3EnumTestProto.Proto3NativeEnum
            .NATIVE_DEFAULT);
  }

  @jsinterop.annotations.JsMethod(name = "getOptionalNativeEnum")
  private native Object internal_getOptionalNativeEnum();

  @jsinterop.annotations.JsOverlay
  public final int getOptionalNativeEnumValue() {
    return com.google.protobuf.contrib.j2cl.protos.Proto3EnumTestProto.Proto3NativeEnum
        .Internal_ClosureEnum.toIntValue(internal_getOptionalNativeEnum());
  }

  @jsinterop.annotations.JsMethod(name = "getRepeatedNativeEnumCount")
  public native int getRepeatedNativeEnumCount();

  @jsinterop.annotations.JsOverlay
  public final com.google.protobuf.contrib.j2cl.protos.Proto3EnumTestProto.Proto3NativeEnum
      getRepeatedNativeEnum(int index) {
    return com.google.protobuf.contrib.j2cl.protos.Proto3EnumTestProto.Proto3NativeEnum
        .Internal_ClosureEnum.toEnum(
        internal_getRepeatedNativeEnum(index),
        com.google.protobuf.contrib.j2cl.protos.Proto3EnumTestProto.Proto3NativeEnum
            .NATIVE_DEFAULT);
  }

  @jsinterop.annotations.JsMethod(name = "getRepeatedNativeEnum")
  private native Object internal_getRepeatedNativeEnum(int index);

  @jsinterop.annotations.JsOverlay
  public final int getRepeatedNativeEnumValue(int index) {
    return com.google.protobuf.contrib.j2cl.protos.Proto3EnumTestProto.Proto3NativeEnum
        .Internal_ClosureEnum.toIntValue(internal_getRepeatedNativeEnum(index));
  }

  @jsinterop.annotations.JsMethod(name = "getRepeatedNativeEnumList")
  private native com.google.protobuf.GeneratedMessageLite.Internal_.ListView<java.lang.Object>
      internal_getRepeatedNativeEnumList();

  @jsinterop.annotations.JsOverlay
  public final java.util.List<
          com.google.protobuf.contrib.j2cl.protos.Proto3EnumTestProto.Proto3NativeEnum>
      getRepeatedNativeEnumList() {
    return com.google.protobuf.GeneratedMessageLite.Internal_.createList(
        internal_getRepeatedNativeEnumList(),
        (d) ->
            com.google.protobuf.contrib.j2cl.protos.Proto3EnumTestProto.Proto3NativeEnum
                .Internal_ClosureEnum.toEnum(
                d,
                com.google.protobuf.contrib.j2cl.protos.Proto3EnumTestProto.Proto3NativeEnum
                    .NATIVE_DEFAULT));
  }

  @jsinterop.annotations.JsMethod(name = "getDescriptor")
  public static native com.google.protobuf.contrib.j2cl.runtime.MiniDescriptor getMiniDescriptor();

  public static native Builder newBuilder();

  public static native Builder newBuilder(Proto3EnumTestProto prototype);

  @jsinterop.annotations.JsType(isNative = true)
  public static final class Builder
      extends com.google.protobuf.GeneratedMessageLite.Builder<Proto3EnumTestProto, Builder> {

    protected Builder() {}

    @jsinterop.annotations.JsOverlay
    public final Proto3EnumTestProto getDefaultInstanceForType() {
      return getDefaultInstance();
    }

    @java.lang.Override
    public native Proto3EnumTestProto build();

    @java.lang.Override
    public native Builder clone();

    @jsinterop.annotations.JsOverlay
    public final com.google.protobuf.contrib.j2cl.protos.Proto3EnumTestProto.Proto3TestEnum
        getOptionalEnum() {
      return com.google.protobuf.contrib.j2cl.protos.Proto3EnumTestProto.Proto3TestEnum
          .Internal_ClosureEnum.toEnum(
          internal_getOptionalEnum(),
          com.google.protobuf.contrib.j2cl.protos.Proto3EnumTestProto.Proto3TestEnum.UNRECOGNIZED);
    }

    @jsinterop.annotations.JsMethod(name = "getOptionalEnum")
    private native Object internal_getOptionalEnum();

    @jsinterop.annotations.JsOverlay
    public final int getOptionalEnumValue() {
      return com.google.protobuf.contrib.j2cl.protos.Proto3EnumTestProto.Proto3TestEnum
          .Internal_ClosureEnum.toIntValue(internal_getOptionalEnum());
    }

    @com.google.errorprone.annotations.CanIgnoreReturnValue
    @jsinterop.annotations.JsMethod(name = "clearOptionalEnum")
    public native Builder clearOptionalEnum();

    @com.google.errorprone.annotations.CanIgnoreReturnValue
    @jsinterop.annotations.JsOverlay
    public final Builder setOptionalEnum(
        com.google.protobuf.contrib.j2cl.protos.Proto3EnumTestProto.Proto3TestEnum value) {
      return internal_setOptionalEnum(
          com.google.protobuf.contrib.j2cl.protos.Proto3EnumTestProto.Proto3TestEnum
              .Internal_ClosureEnum.toClosureValue(value));
    }

    @com.google.errorprone.annotations.CanIgnoreReturnValue
    @jsinterop.annotations.JsOverlay
    public final Builder setOptionalEnumValue(int value) {
      return internal_setOptionalEnum(
          com.google.protobuf.contrib.j2cl.protos.Proto3EnumTestProto.Proto3TestEnum
              .Internal_ClosureEnum.toClosureValue(value));
    }

    @com.google.errorprone.annotations.CanIgnoreReturnValue
    @jsinterop.annotations.JsMethod(name = "setOptionalEnum")
    private native Builder internal_setOptionalEnum(Object value);

    @jsinterop.annotations.JsMethod(name = "getRepeatedEnumCount")
    public native int getRepeatedEnumCount();

    @jsinterop.annotations.JsOverlay
    public final com.google.protobuf.contrib.j2cl.protos.Proto3EnumTestProto.Proto3TestEnum
        getRepeatedEnum(int index) {
      return com.google.protobuf.contrib.j2cl.protos.Proto3EnumTestProto.Proto3TestEnum
          .Internal_ClosureEnum.toEnum(
          internal_getRepeatedEnum(index),
          com.google.protobuf.contrib.j2cl.protos.Proto3EnumTestProto.Proto3TestEnum.UNRECOGNIZED);
    }

    @jsinterop.annotations.JsMethod(name = "getRepeatedEnum")
    private native Object internal_getRepeatedEnum(int index);

    @jsinterop.annotations.JsOverlay
    public final int getRepeatedEnumValue(int index) {
      return com.google.protobuf.contrib.j2cl.protos.Proto3EnumTestProto.Proto3TestEnum
          .Internal_ClosureEnum.toIntValue(internal_getRepeatedEnum(index));
    }

    @jsinterop.annotations.JsMethod(name = "getRepeatedEnumList")
    private native com.google.protobuf.GeneratedMessageLite.Internal_.ListView<java.lang.Object>
        internal_getRepeatedEnumList();

    @jsinterop.annotations.JsOverlay
    public final java.util.List<
            com.google.protobuf.contrib.j2cl.protos.Proto3EnumTestProto.Proto3TestEnum>
        getRepeatedEnumList() {
      return com.google.protobuf.GeneratedMessageLite.Internal_.createList(
          internal_getRepeatedEnumList(),
          (d) ->
              com.google.protobuf.contrib.j2cl.protos.Proto3EnumTestProto.Proto3TestEnum
                  .Internal_ClosureEnum.toEnum(
                  d,
                  com.google.protobuf.contrib.j2cl.protos.Proto3EnumTestProto.Proto3TestEnum
                      .UNRECOGNIZED));
    }

    @com.google.errorprone.annotations.CanIgnoreReturnValue
    @jsinterop.annotations.JsMethod(name = "clearRepeatedEnum")
    public native Builder clearRepeatedEnum();

    @com.google.errorprone.annotations.CanIgnoreReturnValue
    @jsinterop.annotations.JsOverlay
    public final Builder setRepeatedEnum(
        int index,
        com.google.protobuf.contrib.j2cl.protos.Proto3EnumTestProto.Proto3TestEnum value) {
      return internal_setRepeatedEnum(
          index,
          com.google.protobuf.contrib.j2cl.protos.Proto3EnumTestProto.Proto3TestEnum
              .Internal_ClosureEnum.toClosureValue(value));
    }

    @com.google.errorprone.annotations.CanIgnoreReturnValue
    @jsinterop.annotations.JsMethod(name = "setRepeatedEnum")
    private native Builder internal_setRepeatedEnum(int index, Object value);

    @com.google.errorprone.annotations.CanIgnoreReturnValue
    @jsinterop.annotations.JsOverlay
    public final Builder addRepeatedEnum(
        com.google.protobuf.contrib.j2cl.protos.Proto3EnumTestProto.Proto3TestEnum value) {
      return internal_addRepeatedEnum(
          com.google.protobuf.contrib.j2cl.protos.Proto3EnumTestProto.Proto3TestEnum
              .Internal_ClosureEnum.toClosureValue(value));
    }

    @com.google.errorprone.annotations.CanIgnoreReturnValue
    @jsinterop.annotations.JsOverlay
    public final Builder addRepeatedEnumValue(int value) {
      return internal_addRepeatedEnum(
          com.google.protobuf.contrib.j2cl.protos.Proto3EnumTestProto.Proto3TestEnum
              .Internal_ClosureEnum.toClosureValue(value));
    }

    @com.google.errorprone.annotations.CanIgnoreReturnValue
    @jsinterop.annotations.JsOverlay
    public final Builder setRepeatedEnumValue(int index, int value) {
      return internal_setRepeatedEnum(
          index,
          com.google.protobuf.contrib.j2cl.protos.Proto3EnumTestProto.Proto3TestEnum
              .Internal_ClosureEnum.toClosureValue(value));
    }

    @com.google.errorprone.annotations.CanIgnoreReturnValue
    @jsinterop.annotations.JsMethod(name = "addRepeatedEnum")
    private native Builder internal_addRepeatedEnum(Object value);

    @com.google.errorprone.annotations.CanIgnoreReturnValue
    @jsinterop.annotations.JsOverlay
    public final Builder addAllRepeatedEnum(
        java.lang.Iterable<
                com.google.protobuf.contrib.j2cl.protos.Proto3EnumTestProto.Proto3TestEnum>
            values) {
      com.google.protobuf.GeneratedMessageLite.Internal_.addAll(values, this::addRepeatedEnum);
      return this;
    }

    @jsinterop.annotations.JsOverlay
    public final com.google.protobuf.contrib.j2cl.protos.Proto3EnumTestProto.Proto3NativeEnum
        getOptionalNativeEnum() {
      return com.google.protobuf.contrib.j2cl.protos.Proto3EnumTestProto.Proto3NativeEnum
          .Internal_ClosureEnum.toEnum(
          internal_getOptionalNativeEnum(),
          com.google.protobuf.contrib.j2cl.protos.Proto3EnumTestProto.Proto3NativeEnum
              .NATIVE_DEFAULT);
    }

    @jsinterop.annotations.JsMethod(name = "getOptionalNativeEnum")
    private native Object internal_getOptionalNativeEnum();

    @jsinterop.annotations.JsOverlay
    public final int getOptionalNativeEnumValue() {
      return com.google.protobuf.contrib.j2cl.protos.Proto3EnumTestProto.Proto3NativeEnum
          .Internal_ClosureEnum.toIntValue(internal_getOptionalNativeEnum());
    }

    @com.google.errorprone.annotations.CanIgnoreReturnValue
    @jsinterop.annotations.JsMethod(name = "clearOptionalNativeEnum")
    public native Builder clearOptionalNativeEnum();

    @com.google.errorprone.annotations.CanIgnoreReturnValue
    @jsinterop.annotations.JsOverlay
    public final Builder setOptionalNativeEnum(
        com.google.protobuf.contrib.j2cl.protos.Proto3EnumTestProto.Proto3NativeEnum value) {
      return internal_setOptionalNativeEnum(
          com.google.protobuf.contrib.j2cl.protos.Proto3EnumTestProto.Proto3NativeEnum
              .Internal_ClosureEnum.toClosureValue(value));
    }

    @com.google.errorprone.annotations.CanIgnoreReturnValue
    @jsinterop.annotations.JsOverlay
    public final Builder setOptionalNativeEnumValue(int value) {
      return internal_setOptionalNativeEnum(
          com.google.protobuf.contrib.j2cl.protos.Proto3EnumTestProto.Proto3NativeEnum
              .Internal_ClosureEnum.toClosureValue(value));
    }

    @com.google.errorprone.annotations.CanIgnoreReturnValue
    @jsinterop.annotations.JsMethod(name = "setOptionalNativeEnum")
    private native Builder internal_setOptionalNativeEnum(Object value);

    @jsinterop.annotations.JsMethod(name = "getRepeatedNativeEnumCount")
    public native int getRepeatedNativeEnumCount();

    @jsinterop.annotations.JsOverlay
    public final com.google.protobuf.contrib.j2cl.protos.Proto3EnumTestProto.Proto3NativeEnum
        getRepeatedNativeEnum(int index) {
      return com.google.protobuf.contrib.j2cl.protos.Proto3EnumTestProto.Proto3NativeEnum
          .Internal_ClosureEnum.toEnum(
          internal_getRepeatedNativeEnum(index),
          com.google.protobuf.contrib.j2cl.protos.Proto3EnumTestProto.Proto3NativeEnum
              .NATIVE_DEFAULT);
    }

    @jsinterop.annotations.JsMethod(name = "getRepeatedNativeEnum")
    private native Object internal_getRepeatedNativeEnum(int index);

    @jsinterop.annotations.JsOverlay
    public final int getRepeatedNativeEnumValue(int index) {
      return com.google.protobuf.contrib.j2cl.protos.Proto3EnumTestProto.Proto3NativeEnum
          .Internal_ClosureEnum.toIntValue(internal_getRepeatedNativeEnum(index));
    }

    @jsinterop.annotations.JsMethod(name = "getRepeatedNativeEnumList")
    private native com.google.protobuf.GeneratedMessageLite.Internal_.ListView<java.lang.Object>
        internal_getRepeatedNativeEnumList();

    @jsinterop.annotations.JsOverlay
    public final java.util.List<
            com.google.protobuf.contrib.j2cl.protos.Proto3EnumTestProto.Proto3NativeEnum>
        getRepeatedNativeEnumList() {
      return com.google.protobuf.GeneratedMessageLite.Internal_.createList(
          internal_getRepeatedNativeEnumList(),
          (d) ->
              com.google.protobuf.contrib.j2cl.protos.Proto3EnumTestProto.Proto3NativeEnum
                  .Internal_ClosureEnum.toEnum(
                  d,
                  com.google.protobuf.contrib.j2cl.protos.Proto3EnumTestProto.Proto3NativeEnum
                      .NATIVE_DEFAULT));
    }

    @com.google.errorprone.annotations.CanIgnoreReturnValue
    @jsinterop.annotations.JsMethod(name = "clearRepeatedNativeEnum")
    public native Builder clearRepeatedNativeEnum();

    @com.google.errorprone.annotations.CanIgnoreReturnValue
    @jsinterop.annotations.JsOverlay
    public final Builder setRepeatedNativeEnum(
        int index,
        com.google.protobuf.contrib.j2cl.protos.Proto3EnumTestProto.Proto3NativeEnum value) {
      return internal_setRepeatedNativeEnum(
          index,
          com.google.protobuf.contrib.j2cl.protos.Proto3EnumTestProto.Proto3NativeEnum
              .Internal_ClosureEnum.toClosureValue(value));
    }

    @com.google.errorprone.annotations.CanIgnoreReturnValue
    @jsinterop.annotations.JsMethod(name = "setRepeatedNativeEnum")
    private native Builder internal_setRepeatedNativeEnum(int index, Object value);

    @com.google.errorprone.annotations.CanIgnoreReturnValue
    @jsinterop.annotations.JsOverlay
    public final Builder addRepeatedNativeEnum(
        com.google.protobuf.contrib.j2cl.protos.Proto3EnumTestProto.Proto3NativeEnum value) {
      return internal_addRepeatedNativeEnum(
          com.google.protobuf.contrib.j2cl.protos.Proto3EnumTestProto.Proto3NativeEnum
              .Internal_ClosureEnum.toClosureValue(value));
    }

    @com.google.errorprone.annotations.CanIgnoreReturnValue
    @jsinterop.annotations.JsOverlay
    public final Builder addRepeatedNativeEnumValue(int value) {
      return internal_addRepeatedNativeEnum(
          com.google.protobuf.contrib.j2cl.protos.Proto3EnumTestProto.Proto3NativeEnum
              .Internal_ClosureEnum.toClosureValue(value));
    }

    @com.google.errorprone.annotations.CanIgnoreReturnValue
    @jsinterop.annotations.JsOverlay
    public final Builder setRepeatedNativeEnumValue(int index, int value) {
      return internal_setRepeatedNativeEnum(
          index,
          com.google.protobuf.contrib.j2cl.protos.Proto3EnumTestProto.Proto3NativeEnum
              .Internal_ClosureEnum.toClosureValue(value));
    }

    @com.google.errorprone.annotations.CanIgnoreReturnValue
    @jsinterop.annotations.JsMethod(name = "addRepeatedNativeEnum")
    private native Builder internal_addRepeatedNativeEnum(Object value);

    @com.google.errorprone.annotations.CanIgnoreReturnValue
    @jsinterop.annotations.JsOverlay
    public final Builder addAllRepeatedNativeEnum(
        java.lang.Iterable<
                com.google.protobuf.contrib.j2cl.protos.Proto3EnumTestProto.Proto3NativeEnum>
            values) {
      com.google.protobuf.GeneratedMessageLite.Internal_.addAll(
          values, this::addRepeatedNativeEnum);
      return this;
    }
  }
}
