package com.google.protobuf.contrib.j2cl.protos;

@javax.annotation.processing.Generated(value = "protoc-j2cl")
@jsinterop.annotations.JsType(
    isNative = true,
    name = "ambiguous_names",
    namespace = "improto.protobuf.contrib.j2cl.protos")
public final class AmbiguousNames {

  private AmbiguousNames() {}

  @jsinterop.annotations.JsType(
      isNative = true,
      name = "Internal",
      namespace = "improto.protobuf.contrib.j2cl.protos")
  public static final class Internal
      extends com.google.protobuf.GeneratedMessageLite<Internal, Internal.Builder> {

    protected Internal() {}

    public static final native Internal getDefaultInstance();

    public native Builder toBuilder();

    @jsinterop.annotations.JsMethod(name = "getDescriptor")
    public static native com.google.protobuf.contrib.j2cl.runtime.MiniDescriptor
        getMiniDescriptor();

    public static native Builder newBuilder();

    public static native Builder newBuilder(Internal prototype);

    @jsinterop.annotations.JsType(isNative = true)
    public static final class Builder
        extends com.google.protobuf.GeneratedMessageLite.Builder<Internal, Builder> {

      protected Builder() {}

      @jsinterop.annotations.JsOverlay
      public final Internal getDefaultInstanceForType() {
        return getDefaultInstance();
      }

      @java.lang.Override
      public native Internal build();

      @java.lang.Override
      public native Builder clone();
    }
  }

  @jsinterop.annotations.JsType(
      isNative = true,
      name = "MyMessage",
      namespace = "improto.protobuf.contrib.j2cl.protos")
  public static final class MyMessage
      extends com.google.protobuf.GeneratedMessageLite<MyMessage, MyMessage.Builder> {

    @jsinterop.annotations.JsType(isNative = true)
    public static final class Internal
        extends com.google.protobuf.GeneratedMessageLite<Internal, Internal.Builder> {

      protected Internal() {}

      public static final native Internal getDefaultInstance();

      public native Builder toBuilder();

      public static int X_FIELD_NUMBER;

      @jsinterop.annotations.JsMethod(name = "hasX")
      public native boolean hasX();

      @jsinterop.annotations.JsMethod(name = "getX")
      public native java.lang.String getX();

      @jsinterop.annotations.JsMethod(name = "getDescriptor")
      public static native com.google.protobuf.contrib.j2cl.runtime.MiniDescriptor
          getMiniDescriptor();

      public static native Builder newBuilder();

      public static native Builder newBuilder(Internal prototype);

      @jsinterop.annotations.JsType(isNative = true)
      public static final class Builder
          extends com.google.protobuf.GeneratedMessageLite.Builder<Internal, Builder> {

        protected Builder() {}

        @jsinterop.annotations.JsOverlay
        public final Internal getDefaultInstanceForType() {
          return getDefaultInstance();
        }

        @java.lang.Override
        public native Internal build();

        @java.lang.Override
        public native Builder clone();

        @jsinterop.annotations.JsMethod(name = "hasX")
        public native boolean hasX();

        @jsinterop.annotations.JsMethod(name = "getX")
        public native java.lang.String getX();

        @com.google.errorprone.annotations.CanIgnoreReturnValue
        @jsinterop.annotations.JsMethod(name = "clearX")
        public native Builder clearX();

        @com.google.errorprone.annotations.CanIgnoreReturnValue
        @jsinterop.annotations.JsMethod(name = "setX")
        public native Builder setX(java.lang.String value);
      }
    }

    @jsinterop.annotations.JsType(isNative = true)
    public static final class Override
        extends com.google.protobuf.GeneratedMessageLite<Override, Override.Builder> {

      protected Override() {}

      public static final native Override getDefaultInstance();

      public native Builder toBuilder();

      public static int X_FIELD_NUMBER;

      @jsinterop.annotations.JsMethod(name = "hasX")
      public native boolean hasX();

      @jsinterop.annotations.JsMethod(name = "getX")
      public native java.lang.String getX();

      @jsinterop.annotations.JsMethod(name = "getDescriptor")
      public static native com.google.protobuf.contrib.j2cl.runtime.MiniDescriptor
          getMiniDescriptor();

      public static native Builder newBuilder();

      public static native Builder newBuilder(Override prototype);

      @jsinterop.annotations.JsType(isNative = true)
      public static final class Builder
          extends com.google.protobuf.GeneratedMessageLite.Builder<Override, Builder> {

        protected Builder() {}

        @jsinterop.annotations.JsOverlay
        public final Override getDefaultInstanceForType() {
          return getDefaultInstance();
        }

        @java.lang.Override
        public native Override build();

        @java.lang.Override
        public native Builder clone();

        @jsinterop.annotations.JsMethod(name = "hasX")
        public native boolean hasX();

        @jsinterop.annotations.JsMethod(name = "getX")
        public native java.lang.String getX();

        @com.google.errorprone.annotations.CanIgnoreReturnValue
        @jsinterop.annotations.JsMethod(name = "clearX")
        public native Builder clearX();

        @com.google.errorprone.annotations.CanIgnoreReturnValue
        @jsinterop.annotations.JsMethod(name = "setX")
        public native Builder setX(java.lang.String value);
      }
    }

    protected MyMessage() {}

    public static final native MyMessage getDefaultInstance();

    public native Builder toBuilder();

    public static int CLASS_FIELD_NUMBER;
    public static int CACHED_SIZE_FIELD_NUMBER;
    public static int SERIALIZED_SIZE_FIELD_NUMBER;
    public static int EXTENSION_FIELD_NUMBER;

    @jsinterop.annotations.JsMethod(name = "hasClass_")
    public native boolean hasClass_();

    @jsinterop.annotations.JsMethod(name = "getClass_")
    public native java.lang.String getClass_();

    @jsinterop.annotations.JsMethod(name = "hasCachedSize_")
    public native boolean hasCachedSize_();

    @jsinterop.annotations.JsMethod(name = "getCachedSize_")
    public native java.lang.String getCachedSize_();

    @jsinterop.annotations.JsMethod(name = "hasSerializedSize_")
    public native boolean hasSerializedSize_();

    @jsinterop.annotations.JsMethod(name = "getSerializedSize_")
    public native java.lang.String getSerializedSize_();

    @jsinterop.annotations.JsMethod(name = "hasExtension4")
    public native boolean hasExtension();

    @jsinterop.annotations.JsMethod(name = "getExtension4")
    public native java.lang.String getExtension();

    @jsinterop.annotations.JsMethod(name = "getDescriptor")
    public static native com.google.protobuf.contrib.j2cl.runtime.MiniDescriptor
        getMiniDescriptor();

    public static native Builder newBuilder();

    public static native Builder newBuilder(MyMessage prototype);

    @jsinterop.annotations.JsType(isNative = true)
    public static final class Builder
        extends com.google.protobuf.GeneratedMessageLite.Builder<MyMessage, Builder> {

      protected Builder() {}

      @jsinterop.annotations.JsOverlay
      public final MyMessage getDefaultInstanceForType() {
        return getDefaultInstance();
      }

      @java.lang.Override
      public native MyMessage build();

      @java.lang.Override
      public native Builder clone();

      @jsinterop.annotations.JsMethod(name = "hasClass_")
      public native boolean hasClass_();

      @jsinterop.annotations.JsMethod(name = "getClass_")
      public native java.lang.String getClass_();

      @com.google.errorprone.annotations.CanIgnoreReturnValue
      @jsinterop.annotations.JsMethod(name = "clearClass_")
      public native Builder clearClass_();

      @com.google.errorprone.annotations.CanIgnoreReturnValue
      @jsinterop.annotations.JsMethod(name = "setClass_")
      public native Builder setClass_(java.lang.String value);

      @jsinterop.annotations.JsMethod(name = "hasCachedSize_")
      public native boolean hasCachedSize_();

      @jsinterop.annotations.JsMethod(name = "getCachedSize_")
      public native java.lang.String getCachedSize_();

      @com.google.errorprone.annotations.CanIgnoreReturnValue
      @jsinterop.annotations.JsMethod(name = "clearCachedSize_")
      public native Builder clearCachedSize_();

      @com.google.errorprone.annotations.CanIgnoreReturnValue
      @jsinterop.annotations.JsMethod(name = "setCachedSize_")
      public native Builder setCachedSize_(java.lang.String value);

      @jsinterop.annotations.JsMethod(name = "hasSerializedSize_")
      public native boolean hasSerializedSize_();

      @jsinterop.annotations.JsMethod(name = "getSerializedSize_")
      public native java.lang.String getSerializedSize_();

      @com.google.errorprone.annotations.CanIgnoreReturnValue
      @jsinterop.annotations.JsMethod(name = "clearSerializedSize_")
      public native Builder clearSerializedSize_();

      @com.google.errorprone.annotations.CanIgnoreReturnValue
      @jsinterop.annotations.JsMethod(name = "setSerializedSize_")
      public native Builder setSerializedSize_(java.lang.String value);

      @jsinterop.annotations.JsMethod(name = "hasExtension4")
      public native boolean hasExtension();

      @jsinterop.annotations.JsMethod(name = "getExtension4")
      public native java.lang.String getExtension();

      @com.google.errorprone.annotations.CanIgnoreReturnValue
      @jsinterop.annotations.JsMethod(name = "clearExtension4")
      public native Builder clearExtension();

      @com.google.errorprone.annotations.CanIgnoreReturnValue
      @jsinterop.annotations.JsMethod(name = "setExtension4")
      public native Builder setExtension(java.lang.String value);
    }
  }

  @jsinterop.annotations.JsType(
      isNative = true,
      name = "RepeatedExtensionField",
      namespace = "improto.protobuf.contrib.j2cl.protos")
  public static final class RepeatedExtensionField
      extends com.google.protobuf.GeneratedMessageLite<
          RepeatedExtensionField, RepeatedExtensionField.Builder> {

    protected RepeatedExtensionField() {}

    public static final native RepeatedExtensionField getDefaultInstance();

    public native Builder toBuilder();

    public static int EXTENSION_FIELD_NUMBER;
    public static int CLASS_FIELD_NUMBER;

    @jsinterop.annotations.JsMethod(name = "getExtension1Count")
    public native int getExtensionCount();

    @jsinterop.annotations.JsMethod(name = "getExtension1")
    public native java.lang.String getExtension(int index);

    @jsinterop.annotations.JsMethod(name = "getExtension1List")
    private native com.google.protobuf.GeneratedMessageLite.Internal_.ListView<java.lang.String>
        internal_getExtensionList();

    @jsinterop.annotations.JsOverlay
    public final java.util.List<java.lang.String> getExtensionList() {
      return com.google.protobuf.GeneratedMessageLite.Internal_.createList(
          internal_getExtensionList());
    }

    @jsinterop.annotations.JsMethod(name = "getClass_Count")
    public native int getClass_Count();

    @jsinterop.annotations.JsMethod(name = "getClass_")
    public native java.lang.String getClass_(int index);

    @jsinterop.annotations.JsMethod(name = "getClass_List")
    private native com.google.protobuf.GeneratedMessageLite.Internal_.ListView<java.lang.String>
        internal_getClass_List();

    @jsinterop.annotations.JsOverlay
    public final java.util.List<java.lang.String> getClass_List() {
      return com.google.protobuf.GeneratedMessageLite.Internal_.createList(
          internal_getClass_List());
    }

    @jsinterop.annotations.JsMethod(name = "getDescriptor")
    public static native com.google.protobuf.contrib.j2cl.runtime.MiniDescriptor
        getMiniDescriptor();

    public static native Builder newBuilder();

    public static native Builder newBuilder(RepeatedExtensionField prototype);

    @jsinterop.annotations.JsType(isNative = true)
    public static final class Builder
        extends com.google.protobuf.GeneratedMessageLite.Builder<RepeatedExtensionField, Builder> {

      protected Builder() {}

      @jsinterop.annotations.JsOverlay
      public final RepeatedExtensionField getDefaultInstanceForType() {
        return getDefaultInstance();
      }

      @java.lang.Override
      public native RepeatedExtensionField build();

      @java.lang.Override
      public native Builder clone();

      @jsinterop.annotations.JsMethod(name = "getExtension1Count")
      public native int getExtensionCount();

      @jsinterop.annotations.JsMethod(name = "getExtension1")
      public native java.lang.String getExtension(int index);

      @jsinterop.annotations.JsMethod(name = "getExtension1List")
      private native com.google.protobuf.GeneratedMessageLite.Internal_.ListView<java.lang.String>
          internal_getExtensionList();

      @jsinterop.annotations.JsOverlay
      public final java.util.List<java.lang.String> getExtensionList() {
        return com.google.protobuf.GeneratedMessageLite.Internal_.createList(
            internal_getExtensionList());
      }

      @com.google.errorprone.annotations.CanIgnoreReturnValue
      @jsinterop.annotations.JsMethod(name = "clearExtension1")
      public native Builder clearExtension();

      @com.google.errorprone.annotations.CanIgnoreReturnValue
      @jsinterop.annotations.JsMethod(name = "addExtension1")
      public native Builder addExtension(java.lang.String value);

      @com.google.errorprone.annotations.CanIgnoreReturnValue
      @jsinterop.annotations.JsMethod(name = "setExtension1")
      public native Builder setExtension(int index, java.lang.String value);

      @com.google.errorprone.annotations.CanIgnoreReturnValue
      @jsinterop.annotations.JsOverlay
      public final Builder addAllExtension(java.lang.Iterable<java.lang.String> values) {
        com.google.protobuf.GeneratedMessageLite.Internal_.addAll(values, this::addExtension);
        return this;
      }

      @jsinterop.annotations.JsMethod(name = "getClass_Count")
      public native int getClass_Count();

      @jsinterop.annotations.JsMethod(name = "getClass_")
      public native java.lang.String getClass_(int index);

      @jsinterop.annotations.JsMethod(name = "getClass_List")
      private native com.google.protobuf.GeneratedMessageLite.Internal_.ListView<java.lang.String>
          internal_getClass_List();

      @jsinterop.annotations.JsOverlay
      public final java.util.List<java.lang.String> getClass_List() {
        return com.google.protobuf.GeneratedMessageLite.Internal_.createList(
            internal_getClass_List());
      }

      @com.google.errorprone.annotations.CanIgnoreReturnValue
      @jsinterop.annotations.JsMethod(name = "clearClass_")
      public native Builder clearClass_();

      @com.google.errorprone.annotations.CanIgnoreReturnValue
      @jsinterop.annotations.JsMethod(name = "addClass_")
      public native Builder addClass_(java.lang.String value);

      @com.google.errorprone.annotations.CanIgnoreReturnValue
      @jsinterop.annotations.JsMethod(name = "setClass_")
      public native Builder setClass_(int index, java.lang.String value);

      @com.google.errorprone.annotations.CanIgnoreReturnValue
      @jsinterop.annotations.JsOverlay
      public final Builder addAllClass_(java.lang.Iterable<java.lang.String> values) {
        com.google.protobuf.GeneratedMessageLite.Internal_.addAll(values, this::addClass_);
        return this;
      }
    }
  }

  @jsinterop.annotations.JsType(
      isNative = true,
      name = "Array",
      namespace = "improto.protobuf.contrib.j2cl.protos")
  public static final class Array
      extends com.google.protobuf.GeneratedMessageLite<Array, Array.Builder> {

    protected Array() {}

    public static final native Array getDefaultInstance();

    public native Builder toBuilder();

    @jsinterop.annotations.JsMethod(name = "getDescriptor")
    public static native com.google.protobuf.contrib.j2cl.runtime.MiniDescriptor
        getMiniDescriptor();

    public static native Builder newBuilder();

    public static native Builder newBuilder(Array prototype);

    @jsinterop.annotations.JsType(isNative = true)
    public static final class Builder
        extends com.google.protobuf.GeneratedMessageLite.Builder<Array, Builder> {

      protected Builder() {}

      @jsinterop.annotations.JsOverlay
      public final Array getDefaultInstanceForType() {
        return getDefaultInstance();
      }

      @java.lang.Override
      public native Array build();

      @java.lang.Override
      public native Builder clone();
    }
  }

  @jsinterop.annotations.JsType(
      isNative = true,
      name = "Object",
      namespace = "improto.protobuf.contrib.j2cl.protos")
  public static final class Object
      extends com.google.protobuf.GeneratedMessageLite<Object, Object.Builder> {

    @jsinterop.annotations.JsType(isNative = true)
    public static final class Array
        extends com.google.protobuf.GeneratedMessageLite<Array, Array.Builder> {

      protected Array() {}

      public static final native Array getDefaultInstance();

      public native Builder toBuilder();

      @jsinterop.annotations.JsMethod(name = "getDescriptor")
      public static native com.google.protobuf.contrib.j2cl.runtime.MiniDescriptor
          getMiniDescriptor();

      public static native Builder newBuilder();

      public static native Builder newBuilder(Array prototype);

      @jsinterop.annotations.JsType(isNative = true)
      public static final class Builder
          extends com.google.protobuf.GeneratedMessageLite.Builder<Array, Builder> {

        protected Builder() {}

        @jsinterop.annotations.JsOverlay
        public final Array getDefaultInstanceForType() {
          return getDefaultInstance();
        }

        @java.lang.Override
        public native Array build();

        @java.lang.Override
        public native Builder clone();
      }
    }

    protected Object() {}

    public static final native Object getDefaultInstance();

    public native Builder toBuilder();

    @jsinterop.annotations.JsMethod(name = "getDescriptor")
    public static native com.google.protobuf.contrib.j2cl.runtime.MiniDescriptor
        getMiniDescriptor();

    public static native Builder newBuilder();

    public static native Builder newBuilder(Object prototype);

    @jsinterop.annotations.JsType(isNative = true)
    public static final class Builder
        extends com.google.protobuf.GeneratedMessageLite.Builder<Object, Builder> {

      protected Builder() {}

      @jsinterop.annotations.JsOverlay
      public final Object getDefaultInstanceForType() {
        return getDefaultInstance();
      }

      @java.lang.Override
      public native Object build();

      @java.lang.Override
      public native Builder clone();
    }
  }

  @jsinterop.annotations.JsProperty(name = "class_")
  private static com.google.protobuf.GeneratedMessageLite.Internal_.ExtensionFieldInfo<
          com.google.protobuf.contrib.j2cl.protos.AmbiguousNames.MyMessage, ?>
      internal_class_;

  @jsinterop.annotations.JsOverlay
  public static final com.google.protobuf.ExtensionLite<
          com.google.protobuf.contrib.j2cl.protos.AmbiguousNames.MyMessage, java.lang.String>
      class_ =
          com.google.protobuf.GeneratedMessageLite.Internal_.createSingleStringExtension(
              internal_class_);

  @jsinterop.annotations.JsProperty(name = "extension")
  private static com.google.protobuf.GeneratedMessageLite.Internal_.ExtensionFieldInfo<
          com.google.protobuf.contrib.j2cl.protos.AmbiguousNames.MyMessage, ?>
      internal_extension;

  @jsinterop.annotations.JsOverlay
  public static final com.google.protobuf.ExtensionLite<
          com.google.protobuf.contrib.j2cl.protos.AmbiguousNames.MyMessage, java.lang.String>
      extension =
          com.google.protobuf.GeneratedMessageLite.Internal_.createSingleStringExtension(
              internal_extension);
}
