package com.google.protobuf.contrib.j2cl.protos;

public final class AccessorMultipleFiles {

  private AccessorMultipleFiles() {}
}
