package com.google.protobuf.contrib.j2cl.protos;

@javax.annotation.processing.Generated(value = "protoc-j2cl")
@jsinterop.annotations.JsType(
    isNative = true,
    name = "Aliased",
    namespace = "improto.protobuf.contrib.j2cl.protos")
public final class Aliased
    extends com.google.protobuf.GeneratedMessageLite<Aliased, Aliased.Builder> {

  public enum TestEnum implements com.google.protobuf.ProtocolMessageEnum {
    DEFAULT(0),
    ORIGINAL(1),
    FOO(2);
    public static final TestEnum ALIAS = ORIGINAL;
    public static final TestEnum FOO_ALIAS_ONE = FOO;
    public static final TestEnum FOO_ALIAS_TWO = FOO;

    TestEnum(int value) {
      this.value = value;
    }

    private static TestEnum[] cachedValues;

    public static final TestEnum forNumber(int i) {
      if (cachedValues == null) {
        cachedValues =
            jsinterop.base.Js.uncheckedCast(
                com.google.protobuf.GeneratedMessageLite.Internal_.indexByNumber(values()));
      }
      return cachedValues[i];
    }

    private int value;

    public final int getNumber() {
      return value;
    }

    public static final int DEFAULT_VALUE = 0;

    public static final int ORIGINAL_VALUE = 1;

    public static final int ALIAS_VALUE = 1;

    public static final int FOO_VALUE = 2;

    public static final int FOO_ALIAS_ONE_VALUE = 2;

    public static final int FOO_ALIAS_TWO_VALUE = 2;

    // DO NOT REFER TO FROM NON GENERATED CODE! SUBJECT TO CHANGE!
    // Native closure enum representation
    @jsinterop.annotations.JsType(
        isNative = true,
        name = "Aliased.TestEnum",
        namespace = "improto.protobuf.contrib.j2cl.protos")
    public static final class Internal_ClosureEnum {
      @jsinterop.annotations.JsOverlay
      public static final Internal_ClosureEnum toClosureValue(TestEnum enumInstance) {
        return toClosureValue(enumInstance.getNumber());
      }

      @jsinterop.annotations.JsOverlay
      public static final Internal_ClosureEnum toClosureValue(int value) {
        return jsinterop.base.Js.uncheckedCast((double) value);
      }

      @jsinterop.annotations.JsOverlay
      public static final int toIntValue(Object closureEnum) {
        return jsinterop.base.Js.asInt(closureEnum);
      }

      @jsinterop.annotations.JsOverlay
      public static final TestEnum toEnum(Object closureEnum, TestEnum defaultValue) {
        int i = jsinterop.base.Js.asInt(closureEnum);
        TestEnum value = TestEnum.forNumber(i);
        return value == null ? defaultValue : value;
      }
    }
  }

  @jsinterop.annotations.JsEnum(
      isNative = true,
      name = "Aliased.NativeEnum",
      namespace = "improto.protobuf.contrib.j2cl.protos",
      hasCustomValue = true)
  public enum NativeEnum {
    NATIVE_DEFAULT,
    NATIVE_ORIGINAL,
    NATIVE_ALIAS;

    @jsinterop.annotations.JsOverlay
    public static final NativeEnum forNumber(int i) {
      return jsinterop.base.Js.uncheckedCast((double) i);
    }

    private int value;

    @jsinterop.annotations.JsOverlay
    public final int getNumber() {
      return value;
    }

    @jsinterop.annotations.JsOverlay public static final int NATIVE_DEFAULT_VALUE = 0;
    @jsinterop.annotations.JsOverlay public static final int NATIVE_ORIGINAL_VALUE = 1;
    @jsinterop.annotations.JsOverlay public static final int NATIVE_ALIAS_VALUE = 1;

    // DO NOT REFER TO FROM NON GENERATED CODE! SUBJECT TO CHANGE!
    // Native closure enum representation
    @jsinterop.annotations.JsType(
        isNative = true,
        name = "Aliased.NativeEnum",
        namespace = "improto.protobuf.contrib.j2cl.protos")
    public static final class Internal_ClosureEnum {
      @jsinterop.annotations.JsOverlay
      public static final Internal_ClosureEnum toClosureValue(NativeEnum enumInstance) {
        return toClosureValue(enumInstance.getNumber());
      }

      @jsinterop.annotations.JsOverlay
      public static final Internal_ClosureEnum toClosureValue(int value) {
        return jsinterop.base.Js.uncheckedCast((double) value);
      }

      @jsinterop.annotations.JsOverlay
      public static final int toIntValue(Object closureEnum) {
        return jsinterop.base.Js.asInt(closureEnum);
      }

      @jsinterop.annotations.JsOverlay
      public static final NativeEnum toEnum(Object closureEnum, NativeEnum defaultValue) {
        return jsinterop.base.Js.uncheckedCast(closureEnum);
      }
    }
  }

  protected Aliased() {}

  public static final native Aliased getDefaultInstance();

  public native Builder toBuilder();

  @jsinterop.annotations.JsMethod(name = "getDescriptor")
  public static native com.google.protobuf.contrib.j2cl.runtime.MiniDescriptor getMiniDescriptor();

  public static native Builder newBuilder();

  public static native Builder newBuilder(Aliased prototype);

  @jsinterop.annotations.JsType(isNative = true)
  public static final class Builder
      extends com.google.protobuf.GeneratedMessageLite.Builder<Aliased, Builder> {

    protected Builder() {}

    @jsinterop.annotations.JsOverlay
    public final Aliased getDefaultInstanceForType() {
      return getDefaultInstance();
    }

    @java.lang.Override
    public native Aliased build();

    @java.lang.Override
    public native Builder clone();
  }
}
