package com.google.protobuf.contrib.j2cl.protos;

@javax.annotation.processing.Generated(value = "protoc-j2cl")
@jsinterop.annotations.JsEnum(
    isNative = true,
    name = "TopLevelNativeEnum",
    namespace = "improto.protobuf.contrib.j2cl.protos",
    hasCustomValue = true)
public enum TopLevelNativeEnum {
  DEFAULT,
  ONE,
  TWO,
  THREE;

  @jsinterop.annotations.JsOverlay
  public static final TopLevelNativeEnum forNumber(int i) {
    return jsinterop.base.Js.uncheckedCast((double) i);
  }

  private int value;

  @jsinterop.annotations.JsOverlay
  public final int getNumber() {
    return value;
  }

  @jsinterop.annotations.JsOverlay public static final int DEFAULT_VALUE = 0;
  @jsinterop.annotations.JsOverlay public static final int ONE_VALUE = 1;
  @jsinterop.annotations.JsOverlay public static final int TWO_VALUE = 2;
  @jsinterop.annotations.JsOverlay public static final int THREE_VALUE = 3;

  // DO NOT REFER TO FROM NON GENERATED CODE! SUBJECT TO CHANGE!
  // Native closure enum representation
  @jsinterop.annotations.JsType(
      isNative = true,
      name = "TopLevelNativeEnum",
      namespace = "improto.protobuf.contrib.j2cl.protos")
  public static final class Internal_ClosureEnum {
    @jsinterop.annotations.JsOverlay
    public static final Internal_ClosureEnum toClosureValue(TopLevelNativeEnum enumInstance) {
      return toClosureValue(enumInstance.getNumber());
    }

    @jsinterop.annotations.JsOverlay
    public static final Internal_ClosureEnum toClosureValue(int value) {
      return jsinterop.base.Js.uncheckedCast((double) value);
    }

    @jsinterop.annotations.JsOverlay
    public static final int toIntValue(Object closureEnum) {
      return jsinterop.base.Js.asInt(closureEnum);
    }

    @jsinterop.annotations.JsOverlay
    public static final TopLevelNativeEnum toEnum(
        Object closureEnum, TopLevelNativeEnum defaultValue) {
      return jsinterop.base.Js.uncheckedCast(closureEnum);
    }
  }
}
