package com.google.protobuf.contrib.j2cl.protos;

@javax.annotation.processing.Generated(value = "protoc-j2cl")
public final class IgnoredFieldsOuterClass {

  private IgnoredFieldsOuterClass() {}

  @jsinterop.annotations.JsType(
      isNative = true,
      name = "IgnoredFields",
      namespace = "improto.protobuf.contrib.j2cl.protos")
  public static final class IgnoredFields
      extends com.google.protobuf.GeneratedMessageLite<IgnoredFields, IgnoredFields.Builder> {

    protected IgnoredFields() {}

    public static final native IgnoredFields getDefaultInstance();

    public native Builder toBuilder();

    public static int NOT_IGNORED_FIELD_FIELD_NUMBER;

    @jsinterop.annotations.JsMethod(name = "hasNotIgnoredField")
    public native boolean hasNotIgnoredField();

    @jsinterop.annotations.JsMethod(name = "getNotIgnoredField")
    public native java.lang.String getNotIgnoredField();

    @jsinterop.annotations.JsMethod(name = "getDescriptor")
    public static native com.google.protobuf.contrib.j2cl.runtime.MiniDescriptor
        getMiniDescriptor();

    public static native Builder newBuilder();

    public static native Builder newBuilder(IgnoredFields prototype);

    @jsinterop.annotations.JsType(isNative = true)
    public static final class Builder
        extends com.google.protobuf.GeneratedMessageLite.Builder<IgnoredFields, Builder> {

      protected Builder() {}

      @jsinterop.annotations.JsOverlay
      public final IgnoredFields getDefaultInstanceForType() {
        return getDefaultInstance();
      }

      @java.lang.Override
      public native IgnoredFields build();

      @java.lang.Override
      public native Builder clone();

      @jsinterop.annotations.JsMethod(name = "hasNotIgnoredField")
      public native boolean hasNotIgnoredField();

      @jsinterop.annotations.JsMethod(name = "getNotIgnoredField")
      public native java.lang.String getNotIgnoredField();

      @com.google.errorprone.annotations.CanIgnoreReturnValue
      @jsinterop.annotations.JsMethod(name = "clearNotIgnoredField")
      public native Builder clearNotIgnoredField();

      @com.google.errorprone.annotations.CanIgnoreReturnValue
      @jsinterop.annotations.JsMethod(name = "setNotIgnoredField")
      public native Builder setNotIgnoredField(java.lang.String value);
    }
  }
}
