package com.google.protobuf.contrib.j2cl.protos;

@javax.annotation.processing.Generated(value = "protoc-j2cl")
@jsinterop.annotations.JsType(
    isNative = true,
    name = "Proto3TestProtoWithNativeOneOfs",
    namespace = "improto.protobuf.contrib.j2cl.protos")
public final class Proto3TestProtoWithNativeOneOfs
    extends com.google.protobuf.GeneratedMessageLite<
        Proto3TestProtoWithNativeOneOfs, Proto3TestProtoWithNativeOneOfs.Builder> {

  @jsinterop.annotations.JsEnum(
      isNative = true,
      name = "Proto3TestProtoWithNativeOneOfs.AOneofCase",
      namespace = "improto.protobuf.contrib.j2cl.protos",
      hasCustomValue = true)
  public enum AOneofCase {
    AONEOF_NOT_SET,
    A_FLOAT,
    A_DOUBLE;

    @jsinterop.annotations.JsOverlay
    public static final AOneofCase forNumber(int i) {
      return jsinterop.base.Js.uncheckedCast((double) i);
    }

    private int value;

    @jsinterop.annotations.JsOverlay
    public final int getNumber() {
      return value;
    }

    @jsinterop.annotations.JsOverlay public static final int AONEOF_NOT_SET_VALUE = 0;
    @jsinterop.annotations.JsOverlay public static final int A_FLOAT_VALUE = 10;
    @jsinterop.annotations.JsOverlay public static final int A_DOUBLE_VALUE = 14;

    // DO NOT REFER TO FROM NON GENERATED CODE! SUBJECT TO CHANGE!
    // Native closure enum representation
    @jsinterop.annotations.JsType(
        isNative = true,
        name = "Proto3TestProtoWithNativeOneOfs.AOneofCase",
        namespace = "improto.protobuf.contrib.j2cl.protos")
    public static final class Internal_ClosureEnum {
      @jsinterop.annotations.JsOverlay
      public static final Internal_ClosureEnum toClosureValue(AOneofCase enumInstance) {
        return toClosureValue(enumInstance.getNumber());
      }

      @jsinterop.annotations.JsOverlay
      public static final Internal_ClosureEnum toClosureValue(int value) {
        return jsinterop.base.Js.uncheckedCast((double) value);
      }

      @jsinterop.annotations.JsOverlay
      public static final int toIntValue(Object closureEnum) {
        return jsinterop.base.Js.asInt(closureEnum);
      }

      @jsinterop.annotations.JsOverlay
      public static final AOneofCase toEnum(Object closureEnum, AOneofCase defaultValue) {
        return jsinterop.base.Js.uncheckedCast(closureEnum);
      }
    }
  }

  protected Proto3TestProtoWithNativeOneOfs() {}

  public static final native Proto3TestProtoWithNativeOneOfs getDefaultInstance();

  public native Builder toBuilder();

  public static int A_FLOAT_FIELD_NUMBER;
  public static int A_DOUBLE_FIELD_NUMBER;

  @jsinterop.annotations.JsMethod(name = "hasAFloat")
  public native boolean hasAFloat();

  @jsinterop.annotations.JsMethod(name = "getAFloat")
  public native float getAFloat();

  @jsinterop.annotations.JsMethod(name = "hasADouble")
  public native boolean hasADouble();

  @jsinterop.annotations.JsMethod(name = "getADouble")
  public native double getADouble();

  @jsinterop.annotations.JsOverlay
  public final AOneofCase getAOneofCase() {
    return AOneofCase.Internal_ClosureEnum.toEnum(
        internal_getAOneofCase(), AOneofCase.AONEOF_NOT_SET);
  }

  @jsinterop.annotations.JsMethod(name = "getAOneofCase")
  private native Object internal_getAOneofCase();

  @jsinterop.annotations.JsMethod(name = "getDescriptor")
  public static native com.google.protobuf.contrib.j2cl.runtime.MiniDescriptor getMiniDescriptor();

  public static native Builder newBuilder();

  public static native Builder newBuilder(Proto3TestProtoWithNativeOneOfs prototype);

  @jsinterop.annotations.JsType(isNative = true)
  public static final class Builder
      extends com.google.protobuf.GeneratedMessageLite.Builder<
          Proto3TestProtoWithNativeOneOfs, Builder> {

    protected Builder() {}

    @jsinterop.annotations.JsOverlay
    public final Proto3TestProtoWithNativeOneOfs getDefaultInstanceForType() {
      return getDefaultInstance();
    }

    @java.lang.Override
    public native Proto3TestProtoWithNativeOneOfs build();

    @java.lang.Override
    public native Builder clone();

    @jsinterop.annotations.JsMethod(name = "hasAFloat")
    public native boolean hasAFloat();

    @jsinterop.annotations.JsMethod(name = "getAFloat")
    public native float getAFloat();

    @com.google.errorprone.annotations.CanIgnoreReturnValue
    @jsinterop.annotations.JsMethod(name = "clearAFloat")
    public native Builder clearAFloat();

    @com.google.errorprone.annotations.CanIgnoreReturnValue
    @jsinterop.annotations.JsMethod(name = "setAFloat")
    public native Builder setAFloat(float value);

    @jsinterop.annotations.JsMethod(name = "hasADouble")
    public native boolean hasADouble();

    @jsinterop.annotations.JsMethod(name = "getADouble")
    public native double getADouble();

    @com.google.errorprone.annotations.CanIgnoreReturnValue
    @jsinterop.annotations.JsMethod(name = "clearADouble")
    public native Builder clearADouble();

    @com.google.errorprone.annotations.CanIgnoreReturnValue
    @jsinterop.annotations.JsMethod(name = "setADouble")
    public native Builder setADouble(double value);

    @jsinterop.annotations.JsOverlay
    public final AOneofCase getAOneofCase() {
      return AOneofCase.Internal_ClosureEnum.toEnum(
          internal_getAOneofCase(), AOneofCase.AONEOF_NOT_SET);
    }

    @jsinterop.annotations.JsMethod(name = "getAOneofCase")
    private native Object internal_getAOneofCase();
  }
}
