package com.google.protobuf.contrib.j2cl.protos;

public final class Proto3OneofsMultipleFiles {

  private Proto3OneofsMultipleFiles() {}
}
