package com.google.protobuf.contrib.j2cl.protos;

@javax.annotation.processing.Generated(value = "protoc-j2cl")
@jsinterop.annotations.JsType(
    isNative = true,
    name = "TestProto3",
    namespace = "improto.protobuf.contrib.j2cl.protos")
public final class TestProto3
    extends com.google.protobuf.GeneratedMessageLite<TestProto3, TestProto3.Builder> {

  public enum TestEnum implements com.google.protobuf.ProtocolMessageEnum {
    UNKNOWN(0),
    ONE(1),
    TWO(2),
    UNRECOGNIZED(-1);

    TestEnum(int value) {
      this.value = value;
    }

    private static TestEnum[] cachedValues;

    public static final TestEnum forNumber(int i) {
      if (cachedValues == null) {
        cachedValues = values();
      }
      return i == 3 ? null : cachedValues[i];
    }

    private int value;

    public final int getNumber() {
      com.google.protobuf.GeneratedMessageLite.Internal_.checkUnrecognized(value);
      return value;
    }

    public static final int UNKNOWN_VALUE = 0;

    public static final int ONE_VALUE = 1;

    public static final int TWO_VALUE = 2;

    // DO NOT REFER TO FROM NON GENERATED CODE! SUBJECT TO CHANGE!
    // Native closure enum representation
    @jsinterop.annotations.JsType(
        isNative = true,
        name = "TestProto3.TestEnum",
        namespace = "improto.protobuf.contrib.j2cl.protos")
    public static final class Internal_ClosureEnum {
      @jsinterop.annotations.JsOverlay
      public static final Internal_ClosureEnum toClosureValue(TestEnum enumInstance) {
        return toClosureValue(enumInstance.getNumber());
      }

      @jsinterop.annotations.JsOverlay
      public static final Internal_ClosureEnum toClosureValue(int value) {
        return jsinterop.base.Js.uncheckedCast((double) value);
      }

      @jsinterop.annotations.JsOverlay
      public static final int toIntValue(Object closureEnum) {
        return jsinterop.base.Js.asInt(closureEnum);
      }

      @jsinterop.annotations.JsOverlay
      public static final TestEnum toEnum(Object closureEnum, TestEnum defaultValue) {
        int i = jsinterop.base.Js.asInt(closureEnum);
        TestEnum value = TestEnum.forNumber(i);
        return value == null ? defaultValue : value;
      }
    }
  }

  @jsinterop.annotations.JsType(isNative = true)
  public static final class NestedMessage
      extends com.google.protobuf.GeneratedMessageLite<NestedMessage, NestedMessage.Builder> {

    protected NestedMessage() {}

    public static final native NestedMessage getDefaultInstance();

    public native Builder toBuilder();

    public static int PAYLOAD_FIELD_NUMBER;

    @jsinterop.annotations.JsMethod(name = "hasPayload")
    public native boolean hasPayload();

    @jsinterop.annotations.JsMethod(name = "getPayload")
    public native java.lang.String getPayload();

    @jsinterop.annotations.JsMethod(name = "getDescriptor")
    public static native com.google.protobuf.contrib.j2cl.runtime.MiniDescriptor
        getMiniDescriptor();

    public static native Builder newBuilder();

    public static native Builder newBuilder(NestedMessage prototype);

    @jsinterop.annotations.JsType(isNative = true)
    public static final class Builder
        extends com.google.protobuf.GeneratedMessageLite.Builder<NestedMessage, Builder> {

      protected Builder() {}

      @jsinterop.annotations.JsOverlay
      public final NestedMessage getDefaultInstanceForType() {
        return getDefaultInstance();
      }

      @java.lang.Override
      public native NestedMessage build();

      @java.lang.Override
      public native Builder clone();

      @jsinterop.annotations.JsMethod(name = "hasPayload")
      public native boolean hasPayload();

      @jsinterop.annotations.JsMethod(name = "getPayload")
      public native java.lang.String getPayload();

      @com.google.errorprone.annotations.CanIgnoreReturnValue
      @jsinterop.annotations.JsMethod(name = "clearPayload")
      public native Builder clearPayload();

      @com.google.errorprone.annotations.CanIgnoreReturnValue
      @jsinterop.annotations.JsMethod(name = "setPayload")
      public native Builder setPayload(java.lang.String value);
    }
  }

  protected TestProto3() {}

  public static final native TestProto3 getDefaultInstance();

  public native Builder toBuilder();

  public static int PROTO3_BOOL_FIELD_NUMBER;
  public static int PROTO3_STRING_FIELD_NUMBER;
  public static int PROTO3_FLOAT_FIELD_NUMBER;
  public static int PROTO3_DOUBLE_FIELD_NUMBER;
  public static int PROTO3_INT32_FIELD_NUMBER;
  public static int PROTO3_UINT32_FIELD_NUMBER;
  public static int PROTO3_LONG_FIELD_NUMBER;
  public static int PROTO3_INT52LONG_FIELD_NUMBER;
  public static int PROTO3_BYTES_FIELD_NUMBER;
  public static int PROTO3_PLURAL_BOOL_FIELD_NUMBER;
  public static int PROTO3_ENUM_FIELD_NUMBER;
  public static int PROTO3_MESSAGE_FIELD_NUMBER;

  @jsinterop.annotations.JsMethod(name = "getProto3Bool")
  public native boolean getProto3Bool();

  @jsinterop.annotations.JsMethod(name = "getProto3String")
  public native java.lang.String getProto3String();

  @jsinterop.annotations.JsMethod(name = "getProto3Float")
  public native float getProto3Float();

  @jsinterop.annotations.JsMethod(name = "getProto3Double")
  public native double getProto3Double();

  @jsinterop.annotations.JsMethod(name = "getProto3Int32")
  public native int getProto3Int32();

  @jsinterop.annotations.JsMethod(name = "getProto3Uint32")
  public native int getProto3Uint32();

  @jsinterop.annotations.JsMethod(name = "getProto3Long")
  public native long getProto3Long();

  @jsinterop.annotations.JsMethod(name = "getProto3Int52Long")
  public native long getProto3Int52Long();

  @jsinterop.annotations.JsMethod(name = "getProto3Bytes")
  public native com.google.protobuf.ByteString getProto3Bytes();

  @jsinterop.annotations.JsMethod(name = "getProto3PluralBoolCount")
  public native int getProto3PluralBoolCount();

  @jsinterop.annotations.JsMethod(name = "getProto3PluralBool")
  public native boolean getProto3PluralBool(int index);

  @jsinterop.annotations.JsMethod(name = "getProto3PluralBoolList")
  private native com.google.protobuf.GeneratedMessageLite.Internal_.ListView<java.lang.Boolean>
      internal_getProto3PluralBoolList();

  @jsinterop.annotations.JsOverlay
  public final java.util.List<java.lang.Boolean> getProto3PluralBoolList() {
    return com.google.protobuf.GeneratedMessageLite.Internal_.createList(
        internal_getProto3PluralBoolList());
  }

  @jsinterop.annotations.JsOverlay
  public final com.google.protobuf.contrib.j2cl.protos.TestProto3.TestEnum getProto3Enum() {
    return com.google.protobuf.contrib.j2cl.protos.TestProto3.TestEnum.Internal_ClosureEnum.toEnum(
        internal_getProto3Enum(),
        com.google.protobuf.contrib.j2cl.protos.TestProto3.TestEnum.UNRECOGNIZED);
  }

  @jsinterop.annotations.JsMethod(name = "getProto3Enum")
  private native Object internal_getProto3Enum();

  @jsinterop.annotations.JsOverlay
  public final int getProto3EnumValue() {
    return com.google.protobuf.contrib.j2cl.protos.TestProto3.TestEnum.Internal_ClosureEnum
        .toIntValue(internal_getProto3Enum());
  }

  @jsinterop.annotations.JsMethod(name = "hasProto3Message")
  public native boolean hasProto3Message();

  @jsinterop.annotations.JsMethod(name = "getProto3Message")
  public native com.google.protobuf.contrib.j2cl.protos.TestProto3.NestedMessage getProto3Message();

  @jsinterop.annotations.JsMethod(name = "getDescriptor")
  public static native com.google.protobuf.contrib.j2cl.runtime.MiniDescriptor getMiniDescriptor();

  public static native Builder newBuilder();

  public static native Builder newBuilder(TestProto3 prototype);

  @jsinterop.annotations.JsType(isNative = true)
  public static final class Builder
      extends com.google.protobuf.GeneratedMessageLite.Builder<TestProto3, Builder> {

    protected Builder() {}

    @jsinterop.annotations.JsOverlay
    public final TestProto3 getDefaultInstanceForType() {
      return getDefaultInstance();
    }

    @java.lang.Override
    public native TestProto3 build();

    @java.lang.Override
    public native Builder clone();

    @jsinterop.annotations.JsMethod(name = "getProto3Bool")
    public native boolean getProto3Bool();

    @com.google.errorprone.annotations.CanIgnoreReturnValue
    @jsinterop.annotations.JsMethod(name = "clearProto3Bool")
    public native Builder clearProto3Bool();

    @com.google.errorprone.annotations.CanIgnoreReturnValue
    @jsinterop.annotations.JsMethod(name = "setProto3Bool")
    public native Builder setProto3Bool(boolean value);

    @jsinterop.annotations.JsMethod(name = "getProto3String")
    public native java.lang.String getProto3String();

    @com.google.errorprone.annotations.CanIgnoreReturnValue
    @jsinterop.annotations.JsMethod(name = "clearProto3String")
    public native Builder clearProto3String();

    @com.google.errorprone.annotations.CanIgnoreReturnValue
    @jsinterop.annotations.JsMethod(name = "setProto3String")
    public native Builder setProto3String(java.lang.String value);

    @jsinterop.annotations.JsMethod(name = "getProto3Float")
    public native float getProto3Float();

    @com.google.errorprone.annotations.CanIgnoreReturnValue
    @jsinterop.annotations.JsMethod(name = "clearProto3Float")
    public native Builder clearProto3Float();

    @com.google.errorprone.annotations.CanIgnoreReturnValue
    @jsinterop.annotations.JsMethod(name = "setProto3Float")
    public native Builder setProto3Float(float value);

    @jsinterop.annotations.JsMethod(name = "getProto3Double")
    public native double getProto3Double();

    @com.google.errorprone.annotations.CanIgnoreReturnValue
    @jsinterop.annotations.JsMethod(name = "clearProto3Double")
    public native Builder clearProto3Double();

    @com.google.errorprone.annotations.CanIgnoreReturnValue
    @jsinterop.annotations.JsMethod(name = "setProto3Double")
    public native Builder setProto3Double(double value);

    @jsinterop.annotations.JsMethod(name = "getProto3Int32")
    public native int getProto3Int32();

    @com.google.errorprone.annotations.CanIgnoreReturnValue
    @jsinterop.annotations.JsMethod(name = "clearProto3Int32")
    public native Builder clearProto3Int32();

    @com.google.errorprone.annotations.CanIgnoreReturnValue
    @jsinterop.annotations.JsMethod(name = "setProto3Int32")
    public native Builder setProto3Int32(int value);

    @jsinterop.annotations.JsMethod(name = "getProto3Uint32")
    public native int getProto3Uint32();

    @com.google.errorprone.annotations.CanIgnoreReturnValue
    @jsinterop.annotations.JsMethod(name = "clearProto3Uint32")
    public native Builder clearProto3Uint32();

    @com.google.errorprone.annotations.CanIgnoreReturnValue
    @jsinterop.annotations.JsMethod(name = "setProto3Uint32")
    public native Builder setProto3Uint32(int value);

    @jsinterop.annotations.JsMethod(name = "getProto3Long")
    public native long getProto3Long();

    @com.google.errorprone.annotations.CanIgnoreReturnValue
    @jsinterop.annotations.JsMethod(name = "clearProto3Long")
    public native Builder clearProto3Long();

    @com.google.errorprone.annotations.CanIgnoreReturnValue
    @jsinterop.annotations.JsMethod(name = "setProto3Long")
    public native Builder setProto3Long(long value);

    @jsinterop.annotations.JsMethod(name = "getProto3Int52Long")
    public native long getProto3Int52Long();

    @com.google.errorprone.annotations.CanIgnoreReturnValue
    @jsinterop.annotations.JsMethod(name = "clearProto3Int52Long")
    public native Builder clearProto3Int52Long();

    @com.google.errorprone.annotations.CanIgnoreReturnValue
    @jsinterop.annotations.JsMethod(name = "setProto3Int52Long")
    public native Builder setProto3Int52Long(long value);

    @jsinterop.annotations.JsMethod(name = "getProto3Bytes")
    public native com.google.protobuf.ByteString getProto3Bytes();

    @com.google.errorprone.annotations.CanIgnoreReturnValue
    @jsinterop.annotations.JsMethod(name = "clearProto3Bytes")
    public native Builder clearProto3Bytes();

    @com.google.errorprone.annotations.CanIgnoreReturnValue
    @jsinterop.annotations.JsMethod(name = "setProto3Bytes")
    public native Builder setProto3Bytes(com.google.protobuf.ByteString value);

    @jsinterop.annotations.JsMethod(name = "getProto3PluralBoolCount")
    public native int getProto3PluralBoolCount();

    @jsinterop.annotations.JsMethod(name = "getProto3PluralBool")
    public native boolean getProto3PluralBool(int index);

    @jsinterop.annotations.JsMethod(name = "getProto3PluralBoolList")
    private native com.google.protobuf.GeneratedMessageLite.Internal_.ListView<java.lang.Boolean>
        internal_getProto3PluralBoolList();

    @jsinterop.annotations.JsOverlay
    public final java.util.List<java.lang.Boolean> getProto3PluralBoolList() {
      return com.google.protobuf.GeneratedMessageLite.Internal_.createList(
          internal_getProto3PluralBoolList());
    }

    @com.google.errorprone.annotations.CanIgnoreReturnValue
    @jsinterop.annotations.JsMethod(name = "clearProto3PluralBool")
    public native Builder clearProto3PluralBool();

    @com.google.errorprone.annotations.CanIgnoreReturnValue
    @jsinterop.annotations.JsMethod(name = "addProto3PluralBool")
    public native Builder addProto3PluralBool(boolean value);

    @com.google.errorprone.annotations.CanIgnoreReturnValue
    @jsinterop.annotations.JsMethod(name = "setProto3PluralBool")
    public native Builder setProto3PluralBool(int index, boolean value);

    @com.google.errorprone.annotations.CanIgnoreReturnValue
    @jsinterop.annotations.JsOverlay
    public final Builder addAllProto3PluralBool(java.lang.Iterable<java.lang.Boolean> values) {
      com.google.protobuf.GeneratedMessageLite.Internal_.addAll(values, this::addProto3PluralBool);
      return this;
    }

    @jsinterop.annotations.JsOverlay
    public final com.google.protobuf.contrib.j2cl.protos.TestProto3.TestEnum getProto3Enum() {
      return com.google.protobuf.contrib.j2cl.protos.TestProto3.TestEnum.Internal_ClosureEnum
          .toEnum(
              internal_getProto3Enum(),
              com.google.protobuf.contrib.j2cl.protos.TestProto3.TestEnum.UNRECOGNIZED);
    }

    @jsinterop.annotations.JsMethod(name = "getProto3Enum")
    private native Object internal_getProto3Enum();

    @jsinterop.annotations.JsOverlay
    public final int getProto3EnumValue() {
      return com.google.protobuf.contrib.j2cl.protos.TestProto3.TestEnum.Internal_ClosureEnum
          .toIntValue(internal_getProto3Enum());
    }

    @com.google.errorprone.annotations.CanIgnoreReturnValue
    @jsinterop.annotations.JsMethod(name = "clearProto3Enum")
    public native Builder clearProto3Enum();

    @com.google.errorprone.annotations.CanIgnoreReturnValue
    @jsinterop.annotations.JsOverlay
    public final Builder setProto3Enum(
        com.google.protobuf.contrib.j2cl.protos.TestProto3.TestEnum value) {
      return internal_setProto3Enum(
          com.google.protobuf.contrib.j2cl.protos.TestProto3.TestEnum.Internal_ClosureEnum
              .toClosureValue(value));
    }

    @com.google.errorprone.annotations.CanIgnoreReturnValue
    @jsinterop.annotations.JsOverlay
    public final Builder setProto3EnumValue(int value) {
      return internal_setProto3Enum(
          com.google.protobuf.contrib.j2cl.protos.TestProto3.TestEnum.Internal_ClosureEnum
              .toClosureValue(value));
    }

    @com.google.errorprone.annotations.CanIgnoreReturnValue
    @jsinterop.annotations.JsMethod(name = "setProto3Enum")
    private native Builder internal_setProto3Enum(Object value);

    @jsinterop.annotations.JsMethod(name = "hasProto3Message")
    public native boolean hasProto3Message();

    @jsinterop.annotations.JsMethod(name = "getProto3Message")
    public native com.google.protobuf.contrib.j2cl.protos.TestProto3.NestedMessage
        getProto3Message();

    @com.google.errorprone.annotations.CanIgnoreReturnValue
    @jsinterop.annotations.JsMethod(name = "clearProto3Message")
    public native Builder clearProto3Message();

    @com.google.errorprone.annotations.CanIgnoreReturnValue
    @jsinterop.annotations.JsMethod(name = "setProto3Message")
    public native Builder setProto3Message(
        com.google.protobuf.contrib.j2cl.protos.TestProto3.NestedMessage value);

    @com.google.errorprone.annotations.CanIgnoreReturnValue
    @jsinterop.annotations.JsMethod(name = "setProto3Message")
    public native Builder setProto3Message(
        com.google.protobuf.contrib.j2cl.protos.TestProto3.NestedMessage.Builder builder);
  }
}
