package com.google.protobuf.contrib.j2cl.protos;

@javax.annotation.processing.Generated(value = "protoc-j2cl")
public final class ProtoWithDashes {

  private ProtoWithDashes() {}

  @jsinterop.annotations.JsType(
      isNative = true,
      name = "ProtoWithDashesMessage",
      namespace = "improto.protobuf.contrib.j2cl.protos")
  public static final class ProtoWithDashesMessage
      extends com.google.protobuf.GeneratedMessageLite<
          ProtoWithDashesMessage, ProtoWithDashesMessage.Builder> {

    protected ProtoWithDashesMessage() {}

    public static final native ProtoWithDashesMessage getDefaultInstance();

    public native Builder toBuilder();

    @jsinterop.annotations.JsMethod(name = "getDescriptor")
    public static native com.google.protobuf.contrib.j2cl.runtime.MiniDescriptor
        getMiniDescriptor();

    public static native Builder newBuilder();

    public static native Builder newBuilder(ProtoWithDashesMessage prototype);

    @jsinterop.annotations.JsType(isNative = true)
    public static final class Builder
        extends com.google.protobuf.GeneratedMessageLite.Builder<ProtoWithDashesMessage, Builder> {

      protected Builder() {}

      @jsinterop.annotations.JsOverlay
      public final ProtoWithDashesMessage getDefaultInstanceForType() {
        return getDefaultInstance();
      }

      @java.lang.Override
      public native ProtoWithDashesMessage build();

      @java.lang.Override
      public native Builder clone();
    }
  }
}
